V3 3
FL "D:/Charlie Coleman/School 2017/ECE 2205/DigitalLabs/Lab9Part2/UpDownCounter.vhd" 2016/11/02.22:48:21 P.20131013
EN work/UpDownCounter 1478144904 \
      FL "D:/Charlie Coleman/School 2017/ECE 2205/DigitalLabs/Lab9Part2/UpDownCounter.vhd" \
      PB ieee/std_logic_1164 1381692176
AR work/UpDownCounter/Behavioral 1478144905 \
      FL "D:/Charlie Coleman/School 2017/ECE 2205/DigitalLabs/Lab9Part2/UpDownCounter.vhd" \
      EN work/UpDownCounter 1478144904
